
> devbox-client@0.1.0 test
> vitest run


[7m[1m[36m RUN [39m[22m[27m [36mv1.6.1[39m [90mC:/Users/revan/Downloads/Full_Stack_Project1/client[39m

 [32mΓ£ô[39m src/pages/__tests__/TerminalCommandsPage.test.tsx [2m ([22m[2m1 test[22m[2m)[22m[90m 130[2mms[22m[39m
 [32mΓ£ô[39m src/pages/__tests__/AuthPages.test.tsx [2m ([22m[2m1 test[22m[2m)[22m[90m 149[2mms[22m[39m
 [32mΓ£ô[39m src/App.test.tsx [2m ([22m[2m1 test[22m[2m)[22m[33m 706[2mms[22m[39m
 [32mΓ£ô[39m src/pages/__tests__/ApiCollectionsPage.test.tsx [2m ([22m[2m1 test[22m[2m)[22m[90m 250[2mms[22m[39m
 [32mΓ£ô[39m src/pages/__tests__/GlobalSearchPage.test.tsx [2m ([22m[2m1 test[22m[2m)[22m[33m 599[2mms[22m[39m
 [32mΓ£ô[39m src/pages/__tests__/SqlQueriesPage.test.tsx [2m ([22m[2m1 test[22m[2m)[22m[90m 196[2mms[22m[39m
 [32mΓ£ô[39m src/pages/__tests__/DashboardPage.test.tsx [2m ([22m[2m1 test[22m[2m)[22m[90m 197[2mms[22m[39m
 [32mΓ£ô[39m src/pages/__tests__/FavoritesPage.test.tsx [2m ([22m[2m1 test[22m[2m)[22m[90m 139[2mms[22m[39m
 [32mΓ£ô[39m src/pages/__tests__/ResourcesPage.test.tsx [2m ([22m[2m1 test[22m[2m)[22m[90m 186[2mms[22m[39m
 [33mΓ¥»[39m src/pages/__tests__/SnippetsPage.test.tsx [2m ([22m[2m0 test[22m[2m)[22m
 [32mΓ£ô[39m src/pages/__tests__/ProfilePage.test.tsx [2m ([22m[2m1 test[22m[2m)[22m[33m 494[2mms[22m[39m
 [32mΓ£ô[39m src/pages/__tests__/NotesPage.test.tsx [2m ([22m[2m1 test[22m[2m)[22m[90m 155[2mms[22m[39m
 [32mΓ£ô[39m src/pages/__tests__/HomePage.test.tsx [2m ([22m[2m1 test[22m[2m)[22m[90m 168[2mms[22m[39m

node.exe : [31mΓÄ»ΓÄ»ΓÄ»ΓÄ»Γ
Ä»ΓÄ»[1m[7m Failed Suites 
1 [27m[22mΓÄ»ΓÄ»ΓÄ»ΓÄ»ΓÄ»ΓÄ
»ΓÄ»[39m
At C:\Program 
Files\nodejs\npm.ps1:29 
char:3
+   & $NODE_EXE $NPM_CLI_JS 
$args
+   
~~~~~~~~~~~~~~~~~~~~~~~~~~~~~
    + CategoryInfo           
   : NotSpecified: ([31mΓÄ  
  »ΓÄ»ΓÄ»Γ...»ΓÄ»ΓÄ»ΓÄ»[3   
 9m:String) [], RemoteExc    
eption
    + FullyQualifiedErrorId  
   : NativeCommandError
 

[31m[1m[7m FAIL 
[27m[22m[39m src/pages/__t
ests__/SnippetsPage.test.tsx 
[2m[ src/pages/__tests__/Sni
ppetsPage.test.tsx ][22m
[31m[1mTypeError[22m: 
Cannot set properties of 
undefined (setting 
'class-name')[39m
[36m [2mΓ¥»[22m 
Object.extend ../node_modules
/prismjs/prism.js:[2m345:16
[22m[39m
    [90m343| [39m
    [90m344| [39m    
[35mfor[39m ([35mvar[39m 
key [35min[39m redef) {
    [90m345| [39m     
lang[key] [33m=[39m 
redef[key][33m;[39m
    [90m   | [39m          
     [31m^[39m
    [90m346| [39m    }
    [90m347| [39m
[90m [2mΓ¥»[22m ../node_mo
dules/prismjs/components/pris
m-cpp.js:[2m6:40[22m[39m
[90m [2mΓ¥»[22m 
Object.<anonymous> ../node_mo
dules/prismjs/components/pris
m-cpp.js:[2m99:2[22m[39m
[90m [2mΓ¥»[22m 
TracingChannel.traceSync node
:diagnostics_channel:[2m322:
14[22m[39m

[31m[2mΓÄ»ΓÄ»ΓÄ»ΓÄ»ΓÄ»ΓÄ»ΓÄ
»ΓÄ»ΓÄ»ΓÄ»ΓÄ»ΓÄ»ΓÄ»ΓÄ»ΓÄ»ΓÄ»Γ
Ä»ΓÄ»ΓÄ»ΓÄ»ΓÄ»ΓÄ»ΓÄ»ΓÄ»[1/1]Γ
Ä»[22m[39m

[2m Test Files [22m [1m[31m1 failed[39m[22m[2m | [22m[1m[32m12 passed[39m[22m[90m (13)[39m
[2m      Tests [22m [1m[32m12 passed[39m[22m[90m (12)[39m
[2m   Start at [22m 15:17:04
[2m   Duration [22m 34.59s[2m (transform 1.49s, setup 8.02s, collect 10.32s, tests 3.37s, environment 58.86s, prepare 7.01s)[22m

npm error Lifecycle script 
`test` failed with error:
npm error code 1
npm error path C:\Users\revan
\Downloads\Full_Stack_Project
1\client
npm error workspace 
devbox-client@0.1.0
npm error location C:\Users\r
evan\Downloads\Full_Stack_Pro
ject1\client
npm error command failed
npm error command 
C:\WINDOWS\system32\cmd.exe 
/d /s /c vitest run
